I ghave no access
